// Jest Snapshot v1, https://goo.gl/fbAQLP

exports[`renders correctly 1`] = `
<div>
  <h2>
    Gift Giver
  </h2>
  <Button
    active={false}
    block={false}
    bsClass="btn"
    bsStyle="default"
    className="btn-add"
    disabled={false}
    onClick={[Function]}
  >
    Add Gift
  </Button>
</div>
`;
