// Jest Snapshot v1, https://goo.gl/fbAQLP

exports[`Gift renders properly 1`] = `
<div>
  <Form
    bsClass="form"
    componentClass="form"
    horizontal={false}
    inline={false}
  >
    <FormGroup
      bsClass="form-group"
    >
      <ControlLabel
        bsClass="control-label"
        srOnly={false}
      >
        Person
      </ControlLabel>
      <FormControl
        bsClass="form-control"
        className="input-person"
        componentClass="input"
        onChange={[Function]}
      />
    </FormGroup>
  </Form>
</div>
`;
